2025-12-01T14:12:55.3484495Z Current runner version: '2.329.0'
2025-12-01T14:12:55.3489594Z Runner name: 'Pompom'
2025-12-01T14:12:55.3490072Z Runner group name: 'Default'
2025-12-01T14:12:55.3490736Z Machine name: 'Pompom'
2025-12-01T14:12:55.3493558Z ##[group]GITHUB_TOKEN Permissions
2025-12-01T14:12:55.3496685Z Contents: read
2025-12-01T14:12:55.3497180Z Metadata: read
2025-12-01T14:12:55.3497535Z Packages: read
2025-12-01T14:12:55.3497887Z ##[endgroup]
2025-12-01T14:12:55.3499761Z Secret source: Actions
2025-12-01T14:12:55.3500229Z Prepare workflow directory
2025-12-01T14:12:55.4013751Z Prepare all required actions
2025-12-01T14:12:55.4112237Z Complete job name: deploy-Pompom
2025-12-01T14:12:55.4849854Z ##[group]Run PROJECT_PATH=~/assign_2
2025-12-01T14:12:55.4850548Z [36;1mPROJECT_PATH=~/assign_2[0m
2025-12-01T14:12:55.4851639Z [36;1mecho "PROJECT_PATH=$PROJECT_PATH" >> $GITHUB_ENV[0m
2025-12-01T14:12:55.4879051Z shell: /usr/bin/bash -e {0}
2025-12-01T14:12:55.4880169Z ##[endgroup]
2025-12-01T14:12:55.5343734Z ##[group]Run git fetch origin main
2025-12-01T14:12:55.5344358Z [36;1mgit fetch origin main[0m
2025-12-01T14:12:55.5344764Z [36;1mgit reset --hard origin/main[0m
2025-12-01T14:12:55.5352535Z shell: /usr/bin/bash -e {0}
2025-12-01T14:12:55.5352914Z env:
2025-12-01T14:12:55.5353233Z   PROJECT_PATH: /home/pompom/assign_2
2025-12-01T14:12:55.5353638Z ##[endgroup]
2025-12-01T14:12:56.1792883Z From https://github.com/pompomv/assign_2
2025-12-01T14:12:56.1794584Z  * branch            main       -> FETCH_HEAD
2025-12-01T14:12:56.6044465Z HEAD is now at ecd6845 Modified cicd2.yml
2025-12-01T14:12:56.6103571Z ##[group]Run docker compose down || true
2025-12-01T14:12:56.6133908Z [36;1mdocker compose down || true[0m
2025-12-01T14:12:56.6134576Z [36;1mdocker compose up -d --build[0m
2025-12-01T14:12:56.6145246Z shell: /usr/bin/bash -e {0}
2025-12-01T14:12:56.6145557Z env:
2025-12-01T14:12:56.6146012Z   PROJECT_PATH: /home/pompom/assign_2
2025-12-01T14:12:56.6146328Z ##[endgroup]
2025-12-01T14:12:56.7111633Z time="2025-12-01T21:12:56+07:00" level=warning msg="/home/pompom/assign_2/docker-compose.yml: the attribute `version` is obsolete, it will be ignored, please remove it to avoid potential confusion"
2025-12-01T14:12:56.8074992Z time="2025-12-01T21:12:56+07:00" level=warning msg="/home/pompom/assign_2/docker-compose.yml: the attribute `version` is obsolete, it will be ignored, please remove it to avoid potential confusion"
2025-12-01T14:12:56.8089689Z env file /home/pompom/assign_2/deploy/app.env not found: stat /home/pompom/assign_2/deploy/app.env: no such file or directory
2025-12-01T14:12:56.8142531Z ##[error]Process completed with exit code 1.
2025-12-01T14:12:56.8265736Z Cleaning up orphan processes
