2025-12-01T13:53:33.2705348Z Current runner version: '2.329.0'
2025-12-01T13:53:33.2715192Z Runner name: 'Pompom'
2025-12-01T13:53:33.2716074Z Runner group name: 'Default'
2025-12-01T13:53:33.2717156Z Machine name: 'Pompom'
2025-12-01T13:53:33.2720386Z ##[group]GITHUB_TOKEN Permissions
2025-12-01T13:53:33.2724650Z Contents: read
2025-12-01T13:53:33.2725317Z Metadata: read
2025-12-01T13:53:33.2726012Z Packages: read
2025-12-01T13:53:33.2726743Z ##[endgroup]
2025-12-01T13:53:33.2731425Z Secret source: Actions
2025-12-01T13:53:33.2732630Z Prepare workflow directory
2025-12-01T13:53:33.3448000Z Prepare all required actions
2025-12-01T13:53:33.3574981Z Complete job name: deploy-Pompom
2025-12-01T13:53:33.4359487Z ##[group]Run PROJECT_PATH=~/assign_2
2025-12-01T13:53:33.4360152Z [36;1mPROJECT_PATH=~/assign_2[0m
2025-12-01T13:53:33.4360696Z [36;1mecho "PROJECT_PATH=$PROJECT_PATH" >> $GITHUB_ENV[0m
2025-12-01T13:53:33.4382946Z shell: /usr/bin/bash -e {0}
2025-12-01T13:53:33.4383969Z ##[endgroup]
2025-12-01T13:53:33.4878248Z ##[group]Run git fetch origin main
2025-12-01T13:53:33.4878792Z [36;1mgit fetch origin main[0m
2025-12-01T13:53:33.4879202Z [36;1mgit reset --hard origin/main[0m
2025-12-01T13:53:33.4887122Z shell: /usr/bin/bash -e {0}
2025-12-01T13:53:33.4887645Z env:
2025-12-01T13:53:33.4887979Z   PROJECT_PATH: /home/pompom/assign_2
2025-12-01T13:53:33.4888389Z ##[endgroup]
2025-12-01T13:53:34.1207724Z From https://github.com/pompomv/assign_2
2025-12-01T13:53:34.1208421Z  * branch            main       -> FETCH_HEAD
2025-12-01T13:53:34.4979901Z HEAD is now at a641adb Merge branch 'pompom'
2025-12-01T13:53:34.5049789Z ##[group]Run docker compose down || true
2025-12-01T13:53:34.5050478Z [36;1mdocker compose down || true[0m
2025-12-01T13:53:34.5051130Z [36;1mdocker compose up -d --build[0m
2025-12-01T13:53:34.5059395Z shell: /usr/bin/bash -e {0}
2025-12-01T13:53:34.5059839Z env:
2025-12-01T13:53:34.5060226Z   PROJECT_PATH: /home/pompom/assign_2
2025-12-01T13:53:34.5060688Z ##[endgroup]
2025-12-01T13:53:34.5839276Z time="2025-12-01T20:53:34+07:00" level=warning msg="/home/pompom/assign_2/docker-compose.yml: the attribute `version` is obsolete, it will be ignored, please remove it to avoid potential confusion"
2025-12-01T13:53:34.6684769Z time="2025-12-01T20:53:34+07:00" level=warning msg="/home/pompom/assign_2/docker-compose.yml: the attribute `version` is obsolete, it will be ignored, please remove it to avoid potential confusion"
2025-12-01T13:53:34.6705525Z env file /home/pompom/assign_2/deploy/app.env not found: stat /home/pompom/assign_2/deploy/app.env: no such file or directory
2025-12-01T13:53:34.6780968Z ##[error]Process completed with exit code 1.
2025-12-01T13:53:34.6900005Z Cleaning up orphan processes
